2014-07-01T09:31:56.424-0800: 0.258: Application time: 0.1849470 seconds
2014-07-01T09:31:56.424-0800: 0.258: [GC pause (G1 Evacuation Pause) (young), 0.0424940 secs]
   [Parallel Time: 41.9 ms, GC Workers: 4]
      [GC Worker Start (ms): Min: 257.7, Avg: 257.8, Max: 257.8, Diff: 0.1]
      [Ext Root Scanning (ms): Min: 0.7, Avg: 0.8, Max: 1.0, Diff: 0.3, Sum: 3.3]
      [Update RS (ms): Min: 6.9, Avg: 7.3, Max: 8.2, Diff: 1.3, Sum: 29.3]
         [Processed Buffers: Min: 2, Avg: 3.5, Max: 6, Diff: 4, Sum: 14]
      [Scan RS (ms): Min: 0.0, Avg: 0.0, Max: 0.1, Diff: 0.1, Sum: 0.1]
      [Code Root Scanning (ms): Min: 0.0, Avg: 0.0, Max: 0.0, Diff: 0.0, Sum: 0.0]
      [Object Copy (ms): Min: 32.7, Avg: 33.6, Max: 34.0, Diff: 1.3, Sum: 134.3]
      [Termination (ms): Min: 0.0, Avg: 0.0, Max: 0.0, Diff: 0.0, Sum: 0.0]
      [GC Worker Other (ms): Min: 0.0, Avg: 0.0, Max: 0.1, Diff: 0.0, Sum: 0.1]
      [GC Worker Total (ms): Min: 41.8, Avg: 41.8, Max: 41.8, Diff: 0.0, Sum: 167.1]
      [GC Worker End (ms): Min: 299.5, Avg: 299.6, Max: 299.6, Diff: 0.0]
   [Code Root Fixup: 0.0 ms]
   [Code Root Migration: 0.0 ms]
   [Clear CT: 0.1 ms]
   [Other: 0.5 ms]
      [Choose CSet: 0.0 ms]
      [Ref Proc: 0.3 ms]
      [Ref Enq: 0.0 ms]
      [Free CSet: 0.0 ms]
   [Eden: 25.0M(25.0M)->0.0B(21.0M) Survivors: 0.0B->4096.0K Heap: 26.5M(512.0M)->18.4M(512.0M)]
 [Times: user=0.13 sys=0.01, real=0.04 secs] 
2014-07-01T09:31:56.466-0800: 0.300: Total time for which application threads were stopped: 0.0427690 seconds
2014-07-01T09:31:56.500-0800: 0.334: Application time: 0.0335210 seconds
2014-07-01T09:31:56.500-0800: 0.334: [GC pause (G1 Evacuation Pause) (young), 0.0542270 secs]
   [Parallel Time: 53.6 ms, GC Workers: 4]
      [GC Worker Start (ms): Min: 334.0, Avg: 334.0, Max: 334.0, Diff: 0.0]
      [Ext Root Scanning (ms): Min: 0.4, Avg: 0.4, Max: 0.5, Diff: 0.1, Sum: 1.7]
      [Update RS (ms): Min: 2.2, Avg: 3.1, Max: 3.6, Diff: 1.4, Sum: 12.3]
         [Processed Buffers: Min: 2, Avg: 2.8, Max: 5, Diff: 3, Sum: 11]
      [Scan RS (ms): Min: 4.3, Avg: 4.7, Max: 5.6, Diff: 1.3, Sum: 18.8]
      [Code Root Scanning (ms): Min: 0.0, Avg: 0.0, Max: 0.0, Diff: 0.0, Sum: 0.0]
      [Object Copy (ms): Min: 45.2, Avg: 45.3, Max: 45.3, Diff: 0.1, Sum: 181.1]
      [Termination (ms): Min: 0.0, Avg: 0.0, Max: 0.0, Diff: 0.0, Sum: 0.0]
      [GC Worker Other (ms): Min: 0.1, Avg: 0.1, Max: 0.1, Diff: 0.0, Sum: 0.3]
      [GC Worker Total (ms): Min: 53.6, Avg: 53.6, Max: 53.6, Diff: 0.0, Sum: 214.3]
      [GC Worker End (ms): Min: 387.6, Avg: 387.6, Max: 387.6, Diff: 0.0]
   [Code Root Fixup: 0.0 ms]
   [Code Root Migration: 0.0 ms]
   [Clear CT: 0.1 ms]
   [Other: 0.5 ms]
      [Choose CSet: 0.0 ms]
      [Ref Proc: 0.1 ms]
      [Ref Enq: 0.0 ms]
      [Free CSet: 0.0 ms]
   [Eden: 21.0M(21.0M)->0.0B(21.0M) Survivors: 4096.0K->4096.0K Heap: 41.4M(512.0M)->53.0M(512.0M)]
 [Times: user=0.19 sys=0.02, real=0.05 secs] 
2014-07-01T09:31:56.554-0800: 0.388: Total time for which application threads were stopped: 0.0544020 seconds
2014-07-01T09:31:56.608-0800: 0.442: Application time: 0.0536670 seconds
2014-07-01T09:31:56.608-0800: 0.442: [GC pause (G1 Evacuation Pause) (young), 0.0579450 secs]
   [Parallel Time: 56.7 ms, GC Workers: 4]
      [GC Worker Start (ms): Min: 442.1, Avg: 442.5, Max: 442.7, Diff: 0.7]
      [Ext Root Scanning (ms): Min: 0.1, Avg: 0.3, Max: 0.8, Diff: 0.7, Sum: 1.2]
      [Update RS (ms): Min: 1.7, Avg: 2.8, Max: 3.4, Diff: 1.7, Sum: 11.3]
         [Processed Buffers: Min: 2, Avg: 2.0, Max: 2, Diff: 0, Sum: 8]
      [Scan RS (ms): Min: 9.0, Avg: 9.5, Max: 10.5, Diff: 1.5, Sum: 37.9]
      [Code Root Scanning (ms): Min: 0.0, Avg: 0.0, Max: 0.0, Diff: 0.0, Sum: 0.0]
      [Object Copy (ms): Min: 43.5, Avg: 43.5, Max: 43.6, Diff: 0.0, Sum: 174.1]
      [Termination (ms): Min: 0.0, Avg: 0.0, Max: 0.0, Diff: 0.0, Sum: 0.0]
      [GC Worker Other (ms): Min: 0.0, Avg: 0.0, Max: 0.0, Diff: 0.0, Sum: 0.1]
      [GC Worker Total (ms): Min: 56.0, Avg: 56.2, Max: 56.6, Diff: 0.7, Sum: 224.7]
      [GC Worker End (ms): Min: 498.7, Avg: 498.7, Max: 498.7, Diff: 0.0]
   [Code Root Fixup: 0.0 ms]
   [Code Root Migration: 0.0 ms]
   [Clear CT: 0.1 ms]
   [Other: 1.2 ms]
      [Choose CSet: 0.0 ms]
      [Ref Proc: 0.7 ms]
      [Ref Enq: 0.0 ms]
      [Free CSet: 0.1 ms]
   [Eden: 21.0M(21.0M)->0.0B(21.0M) Survivors: 4096.0K->4096.0K Heap: 78.0M(512.0M)->80.0M(512.0M)]
 [Times: user=0.20 sys=0.01, real=0.06 secs] 
2014-07-01T09:31:56.666-0800: 0.500: Total time for which application threads were stopped: 0.0581670 seconds
2014-07-01T09:31:56.714-0800: 0.548: Application time: 0.0474180 seconds
2014-07-01T09:31:56.714-0800: 0.548: [GC pause (G1 Evacuation Pause) (young), 0.0510120 secs]
   [Parallel Time: 50.3 ms, GC Workers: 4]
      [GC Worker Start (ms): Min: 547.7, Avg: 547.7, Max: 547.9, Diff: 0.2]
      [Ext Root Scanning (ms): Min: 0.3, Avg: 0.4, Max: 0.5, Diff: 0.1, Sum: 1.7]
      [Update RS (ms): Min: 3.7, Avg: 4.2, Max: 5.3, Diff: 1.6, Sum: 16.7]
         [Processed Buffers: Min: 2, Avg: 2.5, Max: 3, Diff: 1, Sum: 10]
      [Scan RS (ms): Min: 2.6, Avg: 3.8, Max: 4.3, Diff: 1.7, Sum: 15.1]
      [Code Root Scanning (ms): Min: 0.0, Avg: 0.0, Max: 0.0, Diff: 0.0, Sum: 0.0]
      [Object Copy (ms): Min: 41.6, Avg: 41.6, Max: 41.6, Diff: 0.0, Sum: 166.4]
      [Termination (ms): Min: 0.0, Avg: 0.0, Max: 0.0, Diff: 0.0, Sum: 0.0]
      [GC Worker Other (ms): Min: 0.2, Avg: 0.2, Max: 0.3, Diff: 0.0, Sum: 1.0]
      [GC Worker Total (ms): Min: 50.1, Avg: 50.2, Max: 50.3, Diff: 0.2, Sum: 200.9]
      [GC Worker End (ms): Min: 597.9, Avg: 598.0, Max: 598.0, Diff: 0.0]
   [Code Root Fixup: 0.0 ms]
   [Code Root Migration: 0.0 ms]
   [Clear CT: 0.1 ms]
   [Other: 0.6 ms]
      [Choose CSet: 0.0 ms]
      [Ref Proc: 0.2 ms]
      [Ref Enq: 0.0 ms]
      [Free CSet: 0.0 ms]
   [Eden: 21.0M(21.0M)->0.0B(21.0M) Survivors: 4096.0K->4096.0K Heap: 101.0M(512.0M)->102.0M(512.0M)]
 [Times: user=0.18 sys=0.01, real=0.05 secs] 
2014-07-01T09:31:56.765-0800: 0.599: Total time for which application threads were stopped: 0.0512290 seconds
2014-07-01T09:31:56.850-0800: 0.684: Application time: 0.0851790 seconds
2014-07-01T09:31:56.850-0800: 0.684: [GC pause (G1 Evacuation Pause) (young), 0.0598070 secs]
   [Parallel Time: 59.1 ms, GC Workers: 4]
      [GC Worker Start (ms): Min: 684.1, Avg: 684.5, Max: 684.8, Diff: 0.7]
      [Ext Root Scanning (ms): Min: 0.0, Avg: 0.3, Max: 0.5, Diff: 0.5, Sum: 1.1]
      [Update RS (ms): Min: 3.5, Avg: 4.1, Max: 4.6, Diff: 1.1, Sum: 16.2]
         [Processed Buffers: Min: 3, Avg: 3.0, Max: 3, Diff: 0, Sum: 12]
      [Scan RS (ms): Min: 8.5, Avg: 9.0, Max: 9.6, Diff: 1.1, Sum: 36.0]
      [Code Root Scanning (ms): Min: 0.0, Avg: 0.0, Max: 0.0, Diff: 0.0, Sum: 0.0]
      [Object Copy (ms): Min: 45.3, Avg: 45.3, Max: 45.4, Diff: 0.2, Sum: 181.2]
      [Termination (ms): Min: 0.0, Avg: 0.1, Max: 0.1, Diff: 0.1, Sum: 0.3]
      [GC Worker Other (ms): Min: 0.0, Avg: 0.0, Max: 0.0, Diff: 0.0, Sum: 0.0]
      [GC Worker Total (ms): Min: 58.4, Avg: 58.7, Max: 59.1, Diff: 0.7, Sum: 234.9]
      [GC Worker End (ms): Min: 743.2, Avg: 743.2, Max: 743.2, Diff: 0.0]
   [Code Root Fixup: 0.0 ms]
   [Code Root Migration: 0.0 ms]
   [Clear CT: 0.1 ms]
   [Other: 0.6 ms]
      [Choose CSet: 0.0 ms]
      [Ref Proc: 0.2 ms]
      [Ref Enq: 0.0 ms]
      [Free CSet: 0.1 ms]
   [Eden: 21.0M(21.0M)->0.0B(21.0M) Survivors: 4096.0K->4096.0K Heap: 131.0M(512.0M)->132.5M(512.0M)]
 [Times: user=0.20 sys=0.01, real=0.06 secs] 
2014-07-01T09:31:56.910-0800: 0.744: Total time for which application threads were stopped: 0.0600390 seconds
2014-07-01T09:31:56.955-0800: 0.789: Application time: 0.0448390 seconds
2014-07-01T09:31:56.955-0800: 0.789: [GC pause (G1 Evacuation Pause) (young), 0.0511850 secs]
   [Parallel Time: 50.6 ms, GC Workers: 4]
      [GC Worker Start (ms): Min: 789.0, Avg: 789.3, Max: 789.7, Diff: 0.7]
      [Ext Root Scanning (ms): Min: 0.0, Avg: 0.3, Max: 0.5, Diff: 0.5, Sum: 1.1]
      [Update RS (ms): Min: 5.9, Avg: 6.5, Max: 7.4, Diff: 1.5, Sum: 26.2]
         [Processed Buffers: Min: 4, Avg: 4.2, Max: 5, Diff: 1, Sum: 17]
      [Scan RS (ms): Min: 2.4, Avg: 3.2, Max: 3.8, Diff: 1.4, Sum: 13.0]
      [Code Root Scanning (ms): Min: 0.0, Avg: 0.0, Max: 0.0, Diff: 0.0, Sum: 0.0]
      [Object Copy (ms): Min: 40.1, Avg: 40.1, Max: 40.1, Diff: 0.1, Sum: 160.4]
      [Termination (ms): Min: 0.0, Avg: 0.0, Max: 0.0, Diff: 0.0, Sum: 0.0]
      [GC Worker Other (ms): Min: 0.0, Avg: 0.0, Max: 0.0, Diff: 0.0, Sum: 0.1]
      [GC Worker Total (ms): Min: 49.8, Avg: 50.2, Max: 50.5, Diff: 0.7, Sum: 200.7]
      [GC Worker End (ms): Min: 839.5, Avg: 839.5, Max: 839.5, Diff: 0.0]
   [Code Root Fixup: 0.0 ms]
   [Code Root Migration: 0.0 ms]
   [Clear CT: 0.1 ms]
   [Other: 0.5 ms]
      [Choose CSet: 0.0 ms]
      [Ref Proc: 0.2 ms]
      [Ref Enq: 0.0 ms]
      [Free CSet: 0.1 ms]
   [Eden: 21.0M(21.0M)->0.0B(21.0M) Survivors: 4096.0K->4096.0K Heap: 153.5M(512.0M)->156.0M(512.0M)]
 [Times: user=0.17 sys=0.02, real=0.05 secs] 
2014-07-01T09:31:57.006-0800: 0.840: Total time for which application threads were stopped: 0.0513850 seconds
2014-07-01T09:31:57.045-0800: 0.879: Application time: 0.0391270 seconds
2014-07-01T09:31:57.045-0800: 0.879: [GC pause (G1 Evacuation Pause) (young), 0.0480860 secs]
   [Parallel Time: 47.5 ms, GC Workers: 4]
      [GC Worker Start (ms): Min: 879.5, Avg: 879.6, Max: 879.6, Diff: 0.1]
      [Ext Root Scanning (ms): Min: 0.3, Avg: 0.4, Max: 0.5, Diff: 0.1, Sum: 1.6]
      [Update RS (ms): Min: 5.8, Avg: 6.0, Max: 6.1, Diff: 0.3, Sum: 23.9]
         [Processed Buffers: Min: 3, Avg: 3.2, Max: 4, Diff: 1, Sum: 13]
      [Scan RS (ms): Min: 2.1, Avg: 2.3, Max: 2.5, Diff: 0.5, Sum: 9.1]
      [Code Root Scanning (ms): Min: 0.0, Avg: 0.0, Max: 0.0, Diff: 0.0, Sum: 0.0]
      [Object Copy (ms): Min: 38.6, Avg: 38.7, Max: 38.7, Diff: 0.1, Sum: 154.7]
      [Termination (ms): Min: 0.0, Avg: 0.0, Max: 0.0, Diff: 0.0, Sum: 0.0]
      [GC Worker Other (ms): Min: 0.1, Avg: 0.1, Max: 0.1, Diff: 0.0, Sum: 0.3]
      [GC Worker Total (ms): Min: 47.3, Avg: 47.4, Max: 47.5, Diff: 0.1, Sum: 189.7]
      [GC Worker End (ms): Min: 927.0, Avg: 927.0, Max: 927.0, Diff: 0.0]
   [Code Root Fixup: 0.0 ms]
   [Code Root Migration: 0.0 ms]
   [Clear CT: 0.1 ms]
   [Other: 0.5 ms]
      [Choose CSet: 0.0 ms]
      [Ref Proc: 0.2 ms]
      [Ref Enq: 0.0 ms]
      [Free CSet: 0.0 ms]
   [Eden: 21.0M(21.0M)->0.0B(26.0M) Survivors: 4096.0K->4096.0K Heap: 177.0M(512.0M)->178.5M(512.0M)]
 [Times: user=0.17 sys=0.01, real=0.05 secs] 
2014-07-01T09:31:57.094-0800: 0.928: Total time for which application threads were stopped: 0.0482690 seconds
2014-07-01T09:31:57.135-0800: 0.969: Application time: 0.0411990 seconds
2014-07-01T09:31:57.135-0800: 0.969: [GC pause (G1 Evacuation Pause) (young), 0.0609060 secs]
   [Parallel Time: 60.4 ms, GC Workers: 4]
      [GC Worker Start (ms): Min: 969.0, Avg: 969.0, Max: 969.0, Diff: 0.1]
      [Ext Root Scanning (ms): Min: 0.4, Avg: 0.4, Max: 0.4, Diff: 0.0, Sum: 1.6]
      [Update RS (ms): Min: 5.4, Avg: 6.5, Max: 7.2, Diff: 1.7, Sum: 26.1]
         [Processed Buffers: Min: 3, Avg: 3.2, Max: 4, Diff: 1, Sum: 13]
      [Scan RS (ms): Min: 2.1, Avg: 2.8, Max: 3.8, Diff: 1.7, Sum: 11.1]
      [Code Root Scanning (ms): Min: 0.0, Avg: 0.0, Max: 0.0, Diff: 0.0, Sum: 0.0]
      [Object Copy (ms): Min: 50.5, Avg: 50.5, Max: 50.5, Diff: 0.0, Sum: 202.0]
      [Termination (ms): Min: 0.0, Avg: 0.0, Max: 0.0, Diff: 0.0, Sum: 0.0]
      [GC Worker Other (ms): Min: 0.1, Avg: 0.1, Max: 0.1, Diff: 0.0, Sum: 0.3]
      [GC Worker Total (ms): Min: 60.2, Avg: 60.3, Max: 60.3, Diff: 0.1, Sum: 241.1]
      [GC Worker End (ms): Min: 1029.3, Avg: 1029.3, Max: 1029.3, Diff: 0.0]
   [Code Root Fixup: 0.0 ms]
   [Code Root Migration: 0.0 ms]
   [Clear CT: 0.1 ms]
   [Other: 0.5 ms]
      [Choose CSet: 0.0 ms]
      [Ref Proc: 0.1 ms]
      [Ref Enq: 0.0 ms]
      [Free CSet: 0.0 ms]
   [Eden: 26.0M(26.0M)->0.0B(36.0M) Survivors: 4096.0K->4096.0K Heap: 204.5M(512.0M)->207.0M(512.0M)]
 [Times: user=0.20 sys=0.02, real=0.06 secs] 
2014-07-01T09:31:57.196-0800: 1.030: Total time for which application threads were stopped: 0.0610890 seconds
2014-07-01T09:31:57.338-0800: 1.172: Application time: 0.1421370 seconds
2014-07-01T09:31:57.338-0800: 1.172: [GC pause (G1 Evacuation Pause) (young), 0.0712280 secs]
   [Parallel Time: 70.4 ms, GC Workers: 4]
      [GC Worker Start (ms): Min: 1172.3, Avg: 1172.3, Max: 1172.4, Diff: 0.1]
      [Ext Root Scanning (ms): Min: 0.4, Avg: 0.4, Max: 0.4, Diff: 0.1, Sum: 1.6]
      [Update RS (ms): Min: 6.1, Avg: 6.3, Max: 6.9, Diff: 0.8, Sum: 25.3]
         [Processed Buffers: Min: 4, Avg: 4.2, Max: 5, Diff: 1, Sum: 17]
      [Scan RS (ms): Min: 11.5, Avg: 12.1, Max: 12.3, Diff: 0.8, Sum: 48.3]
      [Code Root Scanning (ms): Min: 0.0, Avg: 0.0, Max: 0.0, Diff: 0.0, Sum: 0.0]
      [Object Copy (ms): Min: 51.3, Avg: 51.4, Max: 51.4, Diff: 0.1, Sum: 205.5]
      [Termination (ms): Min: 0.0, Avg: 0.0, Max: 0.0, Diff: 0.0, Sum: 0.0]
      [GC Worker Other (ms): Min: 0.1, Avg: 0.1, Max: 0.1, Diff: 0.0, Sum: 0.4]
      [GC Worker Total (ms): Min: 70.2, Avg: 70.3, Max: 70.3, Diff: 0.1, Sum: 281.0]
      [GC Worker End (ms): Min: 1242.6, Avg: 1242.6, Max: 1242.6, Diff: 0.0]
   [Code Root Fixup: 0.0 ms]
   [Code Root Migration: 0.0 ms]
   [Clear CT: 0.1 ms]
   [Other: 0.8 ms]
      [Choose CSet: 0.0 ms]
      [Ref Proc: 0.2 ms]
      [Ref Enq: 0.0 ms]
      [Free CSet: 0.1 ms]
   [Eden: 26.0M(26.0M)->0.0B(39.0M) Survivors: 4096.0K->4096.0K Heap: 249.0M(512.0M)->251.5M(512.0M)]
 [Times: user=0.24 sys=0.01, real=0.07 secs] 
2014-07-01T09:31:57.409-0800: 1.244: Total time for which application threads were stopped: 0.0714350 seconds
2014-07-01T09:31:57.482-0800: 1.316: Application time: 0.0726580 seconds
2014-07-01T09:31:57.482-0800: 1.316: [GC pause (G1 Evacuation Pause) (young) (initial-mark), 0.0842940 secs]
   [Parallel Time: 83.4 ms, GC Workers: 4]
      [GC Worker Start (ms): Min: 1316.3, Avg: 1316.4, Max: 1316.6, Diff: 0.3]
      [Ext Root Scanning (ms): Min: 0.2, Avg: 0.5, Max: 0.9, Diff: 0.7, Sum: 2.0]
      [Code Root Marking (ms): Min: 0.0, Avg: 0.0, Max: 0.0, Diff: 0.0, Sum: 0.1]
      [Update RS (ms): Min: 7.5, Avg: 8.0, Max: 8.4, Diff: 0.9, Sum: 31.9]
         [Processed Buffers: Min: 4, Avg: 4.8, Max: 5, Diff: 1, Sum: 19]
      [Scan RS (ms): Min: 5.6, Avg: 6.2, Max: 6.8, Diff: 1.2, Sum: 24.8]
      [Code Root Scanning (ms): Min: 0.0, Avg: 0.0, Max: 0.0, Diff: 0.0, Sum: 0.0]
      [Object Copy (ms): Min: 68.5, Avg: 68.5, Max: 68.6, Diff: 0.1, Sum: 274.1]
      [Termination (ms): Min: 0.0, Avg: 0.0, Max: 0.0, Diff: 0.0, Sum: 0.0]
      [GC Worker Other (ms): Min: 0.0, Avg: 0.0, Max: 0.1, Diff: 0.0, Sum: 0.2]
      [GC Worker Total (ms): Min: 83.1, Avg: 83.3, Max: 83.4, Diff: 0.3, Sum: 333.1]
      [GC Worker End (ms): Min: 1399.7, Avg: 1399.7, Max: 1399.7, Diff: 0.0]
   [Code Root Fixup: 0.0 ms]
   [Code Root Migration: 0.0 ms]
   [Clear CT: 0.1 ms]
   [Other: 0.8 ms]
      [Choose CSet: 0.0 ms]
      [Ref Proc: 0.2 ms]
      [Ref Enq: 0.0 ms]
      [Free CSet: 0.1 ms]
   [Eden: 39.0M(39.0M)->0.0B(45.0M) Survivors: 4096.0K->6144.0K Heap: 290.5M(512.0M)->292.0M(512.0M)]
 [Times: user=0.29 sys=0.02, real=0.08 secs] 
2014-07-01T09:31:57.567-0800: 1.401: [GC concurrent-root-region-scan-start]
2014-07-01T09:31:57.567-0800: 1.401: Total time for which application threads were stopped: 0.0845070 seconds
2014-07-01T09:31:57.577-0800: 1.411: [GC concurrent-root-region-scan-end, 0.0102690 secs]
2014-07-01T09:31:57.577-0800: 1.411: [GC concurrent-mark-start]
2014-07-01T09:31:57.761-0800: 1.595: Application time: 0.1942710 seconds
2014-07-01T09:31:57.761-0800: 1.595: [GC pause (G1 Evacuation Pause) (young), 0.0973830 secs]
   [Parallel Time: 96.5 ms, GC Workers: 4]
      [GC Worker Start (ms): Min: 1595.1, Avg: 1596.0, Max: 1598.6, Diff: 3.6]
      [Ext Root Scanning (ms): Min: 0.0, Avg: 0.3, Max: 0.5, Diff: 0.5, Sum: 1.4]
      [SATB Filtering (ms): Min: 0.0, Avg: 0.0, Max: 0.0, Diff: 0.0, Sum: 0.0]
      [Update RS (ms): Min: 6.6, Avg: 8.6, Max: 9.6, Diff: 3.0, Sum: 34.4]
         [Processed Buffers: Min: 4, Avg: 5.0, Max: 6, Diff: 2, Sum: 20]
      [Scan RS (ms): Min: 5.2, Avg: 5.5, Max: 6.0, Diff: 0.9, Sum: 21.9]
      [Code Root Scanning (ms): Min: 0.0, Avg: 0.0, Max: 0.0, Diff: 0.0, Sum: 0.0]
      [Object Copy (ms): Min: 81.0, Avg: 81.1, Max: 81.2, Diff: 0.2, Sum: 324.5]
      [Termination (ms): Min: 0.0, Avg: 0.0, Max: 0.0, Diff: 0.0, Sum: 0.0]
      [GC Worker Other (ms): Min: 0.0, Avg: 0.0, Max: 0.1, Diff: 0.0, Sum: 0.1]
      [GC Worker Total (ms): Min: 93.0, Avg: 95.6, Max: 96.5, Diff: 3.6, Sum: 382.4]
      [GC Worker End (ms): Min: 1691.6, Avg: 1691.6, Max: 1691.6, Diff: 0.0]
   [Code Root Fixup: 0.0 ms]
   [Code Root Migration: 0.0 ms]
   [Clear CT: 0.1 ms]
   [Other: 0.8 ms]
      [Choose CSet: 0.0 ms]
      [Ref Proc: 0.2 ms]
      [Ref Enq: 0.0 ms]
      [Free CSet: 0.1 ms]
   [Eden: 45.0M(45.0M)->0.0B(52.0M) Survivors: 6144.0K->7168.0K Heap: 337.0M(512.0M)->338.5M(512.0M)]
 [Times: user=0.33 sys=0.03, real=0.09 secs] 
2014-07-01T09:31:57.858-0800: 1.693: Total time for which application threads were stopped: 0.0975790 seconds
2014-07-01T09:31:57.980-0800: 1.814: Application time: 0.1217470 seconds
2014-07-01T09:31:57.980-0800: 1.814: [GC pause (G1 Evacuation Pause) (young), 0.1157870 secs]
   [Parallel Time: 114.9 ms, GC Workers: 4]
      [GC Worker Start (ms): Min: 1814.4, Avg: 1817.5, Max: 1824.3, Diff: 9.9]
      [Ext Root Scanning (ms): Min: 0.0, Avg: 0.3, Max: 0.5, Diff: 0.5, Sum: 1.1]
      [SATB Filtering (ms): Min: 0.0, Avg: 0.0, Max: 0.0, Diff: 0.0, Sum: 0.0]
      [Update RS (ms): Min: 2.3, Avg: 9.4, Max: 12.1, Diff: 9.8, Sum: 37.7]
         [Processed Buffers: Min: 3, Avg: 5.5, Max: 9, Diff: 6, Sum: 22]
      [Scan RS (ms): Min: 5.4, Avg: 6.4, Max: 7.0, Diff: 1.6, Sum: 25.6]
      [Code Root Scanning (ms): Min: 0.0, Avg: 0.0, Max: 0.0, Diff: 0.0, Sum: 0.0]
      [Object Copy (ms): Min: 95.5, Avg: 95.6, Max: 95.6, Diff: 0.1, Sum: 382.2]
      [Termination (ms): Min: 0.0, Avg: 0.0, Max: 0.0, Diff: 0.0, Sum: 0.0]
      [GC Worker Other (ms): Min: 0.0, Avg: 0.0, Max: 0.1, Diff: 0.1, Sum: 0.2]
      [GC Worker Total (ms): Min: 104.8, Avg: 111.7, Max: 114.8, Diff: 10.0, Sum: 446.7]
      [GC Worker End (ms): Min: 1929.2, Avg: 1929.2, Max: 1929.2, Diff: 0.1]
   [Code Root Fixup: 0.0 ms]
   [Code Root Migration: 0.0 ms]
   [Clear CT: 0.1 ms]
   [Other: 0.8 ms]
      [Choose CSet: 0.0 ms]
      [Ref Proc: 0.2 ms]
      [Ref Enq: 0.0 ms]
      [Free CSet: 0.1 ms]
   [Eden: 52.0M(52.0M)->0.0B(31.0M) Survivors: 7168.0K->8192.0K Heap: 390.5M(512.0M)->392.5M(512.0M)]
 [Times: user=0.38 sys=0.04, real=0.11 secs] 
2014-07-01T09:31:58.096-0800: 1.930: Total time for which application threads were stopped: 0.1159670 seconds
2014-07-01T09:31:58.152-0800: 1.986: Application time: 0.0562000 seconds
2014-07-01T09:31:58.152-0800: 1.987: [Full GC (System.gc()) 405M->359M(512M), 0.9892890 secs]
   [Eden: 14.0M(31.0M)->0.0B(49.0M) Survivors: 8192.0K->0.0B Heap: 405.9M(512.0M)->359.6M(512.0M)]
 [Times: user=1.25 sys=0.02, real=0.99 secs] 
2014-07-01T09:31:59.142-0800: 2.976: Total time for which application threads were stopped: 0.9894480 seconds
2014-07-01T09:31:59.142-0800: 2.976: [GC concurrent-mark-abort]
2014-07-01T09:31:59.241-0800: 3.075: Application time: 0.0993450 seconds
2014-07-01T09:31:59.241-0800: 3.075: [GC pause (G1 Evacuation Pause) (young), 0.0066330 secs]
   [Parallel Time: 6.2 ms, GC Workers: 4]
      [GC Worker Start (ms): Min: 3075.5, Avg: 3075.5, Max: 3075.6, Diff: 0.1]
      [Ext Root Scanning (ms): Min: 0.9, Avg: 0.9, Max: 1.0, Diff: 0.1, Sum: 3.7]
      [Update RS (ms): Min: 4.8, Avg: 4.9, Max: 5.1, Diff: 0.3, Sum: 19.8]
         [Processed Buffers: Min: 5, Avg: 6.2, Max: 8, Diff: 3, Sum: 25]
      [Scan RS (ms): Min: 0.0, Avg: 0.0, Max: 0.1, Diff: 0.1, Sum: 0.1]
      [Code Root Scanning (ms): Min: 0.0, Avg: 0.0, Max: 0.0, Diff: 0.0, Sum: 0.0]
      [Object Copy (ms): Min: 0.0, Avg: 0.1, Max: 0.1, Diff: 0.1, Sum: 0.2]
      [Termination (ms): Min: 0.0, Avg: 0.1, Max: 0.2, Diff: 0.2, Sum: 0.5]
      [GC Worker Other (ms): Min: 0.0, Avg: 0.0, Max: 0.0, Diff: 0.0, Sum: 0.0]
      [GC Worker Total (ms): Min: 6.1, Avg: 6.1, Max: 6.1, Diff: 0.0, Sum: 24.4]
      [GC Worker End (ms): Min: 3081.6, Avg: 3081.6, Max: 3081.6, Diff: 0.0]
   [Code Root Fixup: 0.0 ms]
   [Code Root Migration: 0.0 ms]
   [Clear CT: 0.1 ms]
   [Other: 0.4 ms]
      [Choose CSet: 0.0 ms]
      [Ref Proc: 0.2 ms]
      [Ref Enq: 0.0 ms]
      [Free CSet: 0.0 ms]
   [Eden: 49.0M(49.0M)->0.0B(51.0M) Survivors: 0.0B->0.0B Heap: 408.6M(512.0M)->359.6M(512.0M)]
 [Times: user=0.02 sys=0.00, real=0.00 secs] 
2014-07-01T09:31:59.248-0800: 3.082: Total time for which application threads were stopped: 0.0068380 seconds
2014-07-01T09:31:59.328-0800: 3.162: Application time: 0.0794770 seconds
2014-07-01T09:31:59.328-0800: 3.162: [GC pause (G1 Evacuation Pause) (young) (initial-mark), 0.0050550 secs]
   [Parallel Time: 4.7 ms, GC Workers: 4]
      [GC Worker Start (ms): Min: 3161.7, Avg: 3161.9, Max: 3162.2, Diff: 0.5]
      [Ext Root Scanning (ms): Min: 0.2, Avg: 0.6, Max: 0.9, Diff: 0.7, Sum: 2.4]
      [Code Root Marking (ms): Min: 0.0, Avg: 0.0, Max: 0.1, Diff: 0.1, Sum: 0.1]
      [Update RS (ms): Min: 3.3, Avg: 3.5, Max: 3.6, Diff: 0.3, Sum: 14.0]
         [Processed Buffers: Min: 5, Avg: 5.5, Max: 7, Diff: 2, Sum: 22]
      [Scan RS (ms): Min: 0.0, Avg: 0.0, Max: 0.1, Diff: 0.1, Sum: 0.1]
      [Code Root Scanning (ms): Min: 0.0, Avg: 0.0, Max: 0.0, Diff: 0.0, Sum: 0.0]
      [Object Copy (ms): Min: 0.1, Avg: 0.1, Max: 0.1, Diff: 0.1, Sum: 0.4]
      [Termination (ms): Min: 0.0, Avg: 0.2, Max: 0.4, Diff: 0.4, Sum: 0.9]
      [GC Worker Other (ms): Min: 0.0, Avg: 0.0, Max: 0.1, Diff: 0.0, Sum: 0.2]
      [GC Worker Total (ms): Min: 4.2, Avg: 4.5, Max: 4.7, Diff: 0.5, Sum: 18.0]
      [GC Worker End (ms): Min: 3166.3, Avg: 3166.3, Max: 3166.4, Diff: 0.1]
   [Code Root Fixup: 0.0 ms]
   [Code Root Migration: 0.0 ms]
   [Clear CT: 0.0 ms]
   [Other: 0.3 ms]
      [Choose CSet: 0.0 ms]
      [Ref Proc: 0.2 ms]
      [Ref Enq: 0.0 ms]
      [Free CSet: 0.0 ms]
   [Eden: 51.0M(51.0M)->0.0B(57.0M) Survivors: 0.0B->1024.0K Heap: 410.6M(512.0M)->360.1M(512.0M)]
 [Times: user=0.02 sys=0.00, real=0.01 secs] 
2014-07-01T09:31:59.333-08002014-07-01T09:31:59.333-0800: : 3.167: [GC concurrent-root-region-scan-start]
3.167: Total time for which application threads were stopped: 0.0052520 seconds
2014-07-01T09:31:59.333-0800: 3.167: [GC concurrent-root-region-scan-end, 0.0000450 secs]
2014-07-01T09:31:59.333-0800: 3.167: [GC concurrent-mark-start]
2014-07-01T09:31:59.433-0800: 3.267: Application time: 0.0997580 seconds
2014-07-01T09:31:59.433-0800: 3.267: [GC pause (G1 Evacuation Pause) (young), 0.0025170 secs]
   [Parallel Time: 2.3 ms, GC Workers: 4]
      [GC Worker Start (ms): Min: 3266.7, Avg: 3266.7, Max: 3266.8, Diff: 0.1]
      [Ext Root Scanning (ms): Min: 0.4, Avg: 0.4, Max: 0.4, Diff: 0.0, Sum: 1.6]
      [SATB Filtering (ms): Min: 0.0, Avg: 0.0, Max: 0.0, Diff: 0.0, Sum: 0.0]
      [Update RS (ms): Min: 1.4, Avg: 1.6, Max: 1.7, Diff: 0.3, Sum: 6.2]
         [Processed Buffers: Min: 4, Avg: 4.0, Max: 4, Diff: 0, Sum: 16]
      [Scan RS (ms): Min: 0.0, Avg: 0.0, Max: 0.1, Diff: 0.1, Sum: 0.1]
      [Code Root Scanning (ms): Min: 0.0, Avg: 0.0, Max: 0.0, Diff: 0.0, Sum: 0.0]
      [Object Copy (ms): Min: 0.0, Avg: 0.0, Max: 0.0, Diff: 0.0, Sum: 0.1]
      [Termination (ms): Min: 0.0, Avg: 0.1, Max: 0.3, Diff: 0.3, Sum: 0.5]
      [GC Worker Other (ms): Min: 0.0, Avg: 0.0, Max: 0.0, Diff: 0.0, Sum: 0.0]
      [GC Worker Total (ms): Min: 2.1, Avg: 2.2, Max: 2.2, Diff: 0.1, Sum: 8.6]
      [GC Worker End (ms): Min: 3268.9, Avg: 3268.9, Max: 3268.9, Diff: 0.0]
   [Code Root Fixup: 0.0 ms]
   [Code Root Migration: 0.0 ms]
   [Clear CT: 0.1 ms]
   [Other: 0.2 ms]
      [Choose CSet: 0.0 ms]
      [Ref Proc: 0.1 ms]
      [Ref Enq: 0.0 ms]
      [Free CSet: 0.1 ms]
   [Eden: 57.0M(57.0M)->0.0B(70.0M) Survivors: 1024.0K->0.0B Heap: 417.1M(512.0M)->359.6M(512.0M)]
 [Times: user=0.01 sys=0.01, real=0.00 secs] 
2014-07-01T09:31:59.435-0800: 3.269: Total time for which application threads were stopped: 0.0026900 seconds
2014-07-01T09:31:59.460-0800: 3.294: Application time: 0.0250040 seconds
2014-07-01T09:31:59.460-0800: 3.294: [Full GC (System.gc()) 374M->130M(512M), 0.3888520 secs]
   [Eden: 15.0M(70.0M)->0.0B(299.0M) Survivors: 0.0B->0.0B Heap: 374.5M(512.0M)->130.8M(512.0M)]
 [Times: user=0.49 sys=0.00, real=0.38 secs] 
2014-07-01T09:31:59.849-0800: 3.683: Total time for which application threads were stopped: 0.3890090 seconds
2014-07-01T09:31:59.849-0800: 3.683: [GC concurrent-mark-abort]
Heap
 garbage-first heap   total 524288K, used 133938K [0x00000007dae00000, 0x00000007fae00000, 0x00000007fae00000)
  region size 1024K, 1 young (1024K), 0 survivors (0K)
 compacting perm gen  total 20480K, used 2993K [0x00000007fae00000, 0x00000007fc200000, 0x0000000800000000)
   the space 20480K,  14% used [0x00000007fae00000, 0x00000007fb0ec738, 0x00000007fb0ec800, 0x00000007fc200000)
No shared spaces configured.
2014-07-01T09:31:59.850-0800: 3.684: Application time: 0.0006570 seconds
