2014-07-02T16:30:39.753-0800: 0.410: Application time: 0.3412390 seconds
2014-07-02T16:30:39.753-0800: 0.410: [GC (Allocation Failure) [PSYoungGen: 132096K->21488K(153600K)] 132096K->113304K(503296K), 0.1242800 secs] [Times: user=0.38 sys=0.06, real=0.12 secs] 
2014-07-02T16:30:39.878-0800: 0.534: Total time for which application threads were stopped: 0.1244460 seconds
2014-07-02T16:30:40.006-0800: 0.662: Application time: 0.1281990 seconds
2014-07-02T16:30:40.006-0800: 0.662: [GC (Allocation Failure) [PSYoungGen: 153584K->21504K(153600K)] 245400K->233648K(503296K), 0.1748150 secs] [Times: user=0.54 sys=0.08, real=0.18 secs] 
2014-07-02T16:30:40.181-0800: 0.837: Total time for which application threads were stopped: 0.1749400 seconds
2014-07-02T16:30:40.303-0800: 0.959: Application time: 0.1221830 seconds
2014-07-02T16:30:40.303-0800: 0.959: [GC (Allocation Failure) [PSYoungGen: 153600K->21504K(153600K)] 365744K->366360K(503296K), 0.3295480 secs] [Times: user=1.14 sys=0.08, real=0.33 secs] 
2014-07-02T16:30:40.633-0800: 1.289: [Full GC (Ergonomics) [PSYoungGen: 21504K->16625K(153600K)] [PSOldGen: 344856K->349695K(349696K)] 366360K->366321K(503296K) [PSPermGen: 2985K->2985K(21504K)], 0.6499850 secs] [Times: user=0.64 sys=0.01, real=0.65 secs] 
2014-07-02T16:30:41.283-0800: 1.939: Total time for which application threads were stopped: 0.9797870 seconds
2014-07-02T16:30:41.286-0800: 1.943: Application time: 0.0036060 seconds
2014-07-02T16:30:41.286-0800: 1.943: [Full GC (System.gc()) [PSYoungGen: 22487K->22487K(153600K)] [PSOldGen: 349695K->349695K(349696K)] 372183K->372183K(503296K) [PSPermGen: 2985K->2985K(21504K)], 0.6664700 secs] [Times: user=0.65 sys=0.01, real=0.67 secs] 
2014-07-02T16:30:41.953-0800: 2.609: Total time for which application threads were stopped: 0.6666220 seconds
2014-07-02T16:30:42.139-0800: 2.796: Application time: 0.1864180 seconds
2014-07-02T16:30:42.139-0800: 2.796: [Full GC (Ergonomics) [PSYoungGen: 132096K->0K(153600K)] [PSOldGen: 349695K->225725K(349696K)] 481791K->225725K(503296K) [PSPermGen: 2986K->2986K(21504K)], 0.5566420 secs] [Times: user=0.55 sys=0.00, real=0.56 secs] 
2014-07-02T16:30:42.696-0800: 3.353: Total time for which application threads were stopped: 0.5567910 seconds
2014-07-02T16:30:42.804-0800: 3.460: Application time: 0.1075210 seconds
2014-07-02T16:30:42.804-0800: 3.460: [GC (System.gc()) [PSYoungGen: 69641K->0K(153600K)] 295366K->225725K(503296K), 0.0212450 secs] [Times: user=0.08 sys=0.00, real=0.02 secs] 
2014-07-02T16:30:42.825-0800: 3.482: [Full GC (System.gc()) [PSYoungGen: 0K->0K(153600K)] [PSOldGen: 225725K->133937K(349696K)] 225725K->133937K(503296K) [PSPermGen: 2986K->2985K(21504K)], 0.3079100 secs] [Times: user=0.30 sys=0.01, real=0.31 secs] 
2014-07-02T16:30:43.133-0800: 3.790: Total time for which application threads were stopped: 0.3293910 seconds
Heap
 PSYoungGen      total 153600K, used 2642K [0x00000007f5500000, 0x0000000800000000, 0x0000000800000000)
  eden space 132096K, 2% used [0x00000007f5500000,0x00000007f5794870,0x00000007fd600000)
  from space 21504K, 0% used [0x00000007feb00000,0x00000007feb00000,0x0000000800000000)
  to   space 21504K, 0% used [0x00000007fd600000,0x00000007fd600000,0x00000007feb00000)
 PSOldGen        total 349696K, used 133937K [0x00000007dff80000, 0x00000007f5500000, 0x00000007f5500000)
  object space 349696K, 38% used [0x00000007dff80000,0x00000007e824c7f0,0x00000007f5500000)
 PSPermGen       total 21504K, used 2992K [0x00000007dad80000, 0x00000007dc280000, 0x00000007dff80000)
  object space 21504K, 13% used [0x00000007dad80000,0x00000007db06c368,0x00000007dc280000)
2014-07-02T16:30:43.134-0800: 3.790: Application time: 0.0005460 seconds
